contract: Contract(CAAAAAAAAAAAAAAAAAAAAAAAAAAAAAAAAAAAAAAAAAAAAAAAAAAAHK3M)
topics: (Symbol(gas_paid), Contract(CAAAAAAAAAAAAAAAAAAAAAAAAAAAAAAAAAAAAAAAAAAAAAAAAAAAK3IM), String(ethereum), String(CAAAAAAAAAAAAAAAAAAAAAAAAAAAAAAAAAAAAAAAAAAAAAAAAAAARQG5), BytesN<32>(86, 87, 13, 226, 135, 215, 60, 209, 203, 96, 146, 187, 143, 222, 230, 23, 57, 116, 149, 95, 222, 243, 69, 174, 87, 158, 233, 244, 117, 234, 116, 50), Contract(CAAAAAAAAAAAAAAAAAAAAAAAAAAAAAAAAAAAAAAAAAAAAAAAAAAAITA4), Token { address: Contract(CDS3FDGQ4JA2V3F26Y4BMWWJEC5TT26RJBN7KIQKUMVO2MAOCMDTSZ7A), amount: 1 })
data: (Bytes())