NoDataEvent {
    topic1: String(topic-1),
    topic2: Contract(CAAAAAAAAAAAAAAAAAAAAAAAAAAAAAAAAAAAAAAAAAAAAAAAAAAAFCT4),
}

Contract(CAAAAAAAAAAAAAAAAAAAAAAAAAAAAAAAAAAAAAAAAAAAAAAAAAAAD2KM)

no_data {
    #[topic] topic1: String,
    #[topic] topic2: Address,
}