ExecutedEvent {
    value: 42,
}

Contract(CAAAAAAAAAAAAAAAAAAAAAAAAAAAAAAAAAAAAAAAAAAAAAAAAAAAHK3M)

executed {
    #[topic] value: u32,
}