[
  "CC7SU6PFVMLZZFXMMI3TRTF7EACOXOBSWOJWGQBMVDY5YDTF53PXR7ZN",
  "CCIKSE65757UHUJPU36WUN3R6FYCRTIHA42ONBKY5XMEHVBPGZTLNCNY"
]