[
  "CCAXELILQLXNLZJ2NSETIM3MG72RQOPI52NKOXWXVPB7RJWCLP3274VV",
  "CAURM5HM4OMTDDNGCNH6PWK7CMWMAM7FJOT4SYB6FRMI7KSQHVVD6RCZ",
  "CALVH5FKPRDXPN3WL3H7SWMTXIJL45RQG45OMB4OTKMQVH7NJVCH5LRX",
  "CDM7AFOGXRW6WD64XE7F2TERTJVG23CA34QNG6ICSE5E2O2V2OXZYRQG"
]