[
  "CBUTASX5W5MBJQTB23BKPFYLGXCK3222Z4G476AELV76BHN2UKIMWYWA",
  "CAHFFXOMXCFMCCP45FJDAR25FGCPWFEPBQBZSVRHZRKM2E4O6OHW425H"
]