#[derive(Clone, Debug)]
pub enum DataKey {

    #[instance]
    #[status]
    Operators { account: Address },
}
