Vec(Ok((Contract(CAAAAAAAAAAAAAAAAAAAAAAAAAAAAAAAAAAAAAAAAAAAAAAAAAAAITA4), Vec(Ok(Symbol(mint)), Ok(Address(obj#175)), Ok(Address(obj#177))), I128(1000))))