enum OperatorDataKey {

    #[instance]
    #[value(Address)]
    Interfaces_Operator,
}
