enum PausableDataKey {

    #[instance]
    #[status]
    Interfaces_Paused,
}
