[
  "bdfb629dd56a9581bfba5ac25009cef0ee7646acbbd1880e99d7d26ea68f0885",
  "6b0638349aebaeb032da7b9ef6890abe42eca7a835b52bb232c04c8f81a26a82",
  "6da6bda0ac5a04b5d83ddb7175cd63341673f2e8f2eddc2dd7d39aeb21aaa244"
]