contract: Contract(CAAAAAAAAAAAAAAAAAAAAAAAAAAAAAAAAAAAAAAAAAAAAAAAAAAAVAX5)
topics: (Symbol(trusted_chain_removed), String(chain))
data: ()