contract: Contract(CAAAAAAAAAAAAAAAAAAAAAAAAAAAAAAAAAAAAAAAAAAAAAAAAAAAHK3M)
topics: (Symbol(message_executed), Message { source_chain: String(ethereum), message_id: String(test), source_address: String(0x4EFE356BEDeCC817cb89B4E9b796dB8bC188DC59), contract_address: Contract(CAAAAAAAAAAAAAAAAAAAAAAAAAAAAAAAAAAAAAAAAAAAAAAAAAAAITA4), payload_hash: BytesN<32>(137, 206, 76, 7, 106, 172, 228, 253, 217, 90, 30, 64, 90, 66, 180, 246, 8, 196, 115, 140, 188, 196, 214, 240, 2, 158, 160, 216, 202, 14, 91, 20) })
data: ()