contract: Contract(CAAAAAAAAAAAAAAAAAAAAAAAAAAAAAAAAAAAAAAAAAAAAAAAAAAAHK3M)
topics: (Symbol(signers_rotated), 2, BytesN<32>(136, 19, 46, 244, 228, 89, 160, 12, 70, 81, 176, 38, 65, 152, 0, 169, 166, 243, 194, 132, 0, 79, 125, 132, 183, 247, 79, 157, 43, 74, 185, 52))
data: ()