[
  "29c848fc39911589826e10448c2c8d03aec5659244a2b99e78f46446e51ddba0"
]