InterchainTransferSentEvent {
    token_id: BytesN<32>(48, 220, 237, 38, 128, 107, 253, 75, 251, 50, 196, 129, 206, 78, 108, 224, 155, 110, 103, 184, 153, 94, 61, 130, 172, 84, 115, 213, 30, 47, 161, 93),
    source_address: Contract(CAAAAAAAAAAAAAAAAAAAAAAAAAAAAAAAAAAAAAAAAAAAAAAAAAAAXI7N),
    destination_chain: String(ethereum),
    destination_address: Bytes(79, 68, 149, 36, 56, 55, 104, 16, 97, 196, 116, 59, 116, 179, 238, 223, 84, 141, 86, 165),
    amount: 1000,
    data: Some(
        Bytes(171, 205),
    ),
}

Contract(CAAAAAAAAAAAAAAAAAAAAAAAAAAAAAAAAAAAAAAAAAAAAAAAAAAAVAX5)

interchain_transfer_sent {
    #[topic] token_id: BytesN < 32 >,
    #[topic] source_address: Address,
    #[topic] destination_chain: String,
    #[topic] destination_address: Bytes,
    #[topic] amount: i128,
    #[data]  data: Option < Bytes >,
}