c9041493478f368bec8b935a05d2a9e9f14d666a3e7cc2bc444cbfc2b06d1f9d