4c62d308de187458bbdd7f37d9a443d8c44ffc43ff7943bbb600c9eb7fdb2720