TrustedChainSetEvent {
    chain: String(chain),
}

Contract(CAAAAAAAAAAAAAAAAAAAAAAAAAAAAAAAAAAAAAAAAAAAAAAAAAAAVAX5)

trusted_chain_set {
    #[topic] chain: String,
}