434353564447493443344849344e5859504648564744424d573333364b59464d4a3757453735564b5241354c464c35463745425a54484c5a